# Tank Game Map
name Untitled
tile_size 2.0

# Tile definitions
tile . wood_oak_brown
tile # wood_rustic_dark

water_level 0
water_color 0.20 0.40 0.60

<grid>
 1.  1.  1.  1.  1.  1.  1.  1.  1.  1.  1.  1.  1.  1.  1.  1. 
 1.  1.  0.  0.  0.  0.  0.  0.  0.  0.  0.  0.  0.  0.  1.  1. 
 1.  0.  1.  0.  0. -1.  0.  0.  0. -1. -1.  0.  0.  1.  0.  1. 
 1.  0.  0.  1.  0.  0. -1. -1. -1. -1.  0.  0.  1.  0.  0.  1. 
 1. -1.  0.  0.  1.  0.  0. -1.  0.  0.  0.  1.  0.  0.  0.  1. 
 1. -1. -1.  0.  0.  1.  0. -1.  0.  0.  1.  0.  0.  0.  0.  1. 
 1. -1. -1. -1.  0.  0.  1. -1.  0.  1.  0.  0.  0.  0.  0.  1. 
 1. -1. -1. -1. -1.  0.  0.  1.  0.  0.  0. -1. -1.  0.  0.  1. 
 1.  0.  0.  0.  0.  0.  0.  0.  1. -1. -1. -1. -1.  0.  0.  1. 
 1.  1.  1.  1.  1.  1.  1.  0. -1.  1.  0.  0. -1.  0.  0.  1. 
 1. -1. -1.  0.  0.  1.  0.  0. -1. -1.  1.  0. -1. -1.  0.  1. 
 1. -1.  0.  0.  1.  0.  0. -1. -1. -1. -1.  1.  0. -1.  0.  1. 
 1. -1.  0.  1.  0.  0. -1. -1. -1. -1. -1. -1.  1. -1.  0.  1. 
 1. -1.  0.  0.  0.  0.  0.  0.  0.  0.  0.  0.  0.  0.  0.  1. 
 1.  1.  1.  1.  1.  1.  1.  1.  1.  1.  1.  1.  1.  1.  1.  1. 
</grid>

# Lighting
sun_direction 0.40 -0.80 0.30
sun_color 1.00 0.95 0.85
ambient_color 0.40 0.45 0.50
ambient_darkness 0.00
